// Jest Snapshot v1, https://goo.gl/fbAQLP

exports[`Display missions element renders properly 1`] = `
<div
  className="profileContainer"
>
  <hr />
  <div
    className="row profileRow"
  >
    <div
      className="missionProfile col-6"
    >
      <h3>
        My Missions
      </h3>
      <div
        className="missionList"
      >
        <ul>
          <li
            className="res-mission"
          />
        </ul>
      </div>
    </div>
    <div
      className="rocketProfile col-6"
    >
      <h3>
        My Rockets
      </h3>
      <div
        className="rocketList"
      >
        <ul />
      </div>
    </div>
  </div>
</div>
`;
